Num weight bits = 18
learning rate = 10
initial_t = 10
power_t = 0.5
using no cache
Reading datafile = train-sets/rcv1_small.dat
num sources = 1
average    since         example     example  current  current  current
loss       last          counter      weight    label  predict features
1.000000   1.000000            1       490.2   1.0000   0.0000       50
1.005870   1.244963            2       502.2  -1.0000   0.1158      103
1.007812   1.170191            3       508.2  -1.0000   0.0818       56
1.005833   0.000000            4       509.2  unknown  -0.0461      134
1.003861   0.000000            5       510.2  unknown  -0.0659      130
1.003885   1.016081            6       511.2   1.0000  -0.0080       30
1.003828   0.974701            7       512.2  -1.0000  -0.0127       81
1.001872   0.000000            8       513.2  unknown  -0.0531      145
0.876856   0.540072          141       703.7  -1.0000  -0.1940       82
0.640553   0.399695          540      1394.2  -1.0000   0.1056       34
0.439186   0.237403         1382      2785.4   1.0000   0.1403      191
0.344554   0.249822         2668      5567.9  unknown   0.8667       35
0.284067   0.223691         5591     11146.0   1.0000  -0.1930      121

finished run
number of examples per pass = 10000
passes used = 1
weighted example sum = 19090.5
weighted label sum = -1355
average loss = 0.240509
best constant = -0.136917
total feature number = 779394
total queries = 889

